To honour the JVM settings for this build a single-use Daemon process will be forked. For more on this, please refer to https://docs.gradle.org/9.6.1/userguide/gradle_daemon.html#sec:disabling_the_daemon in the Gradle documentation.
Daemon will be stopped at the end of the build 
> Task :modules:refactorkit-core:checkKotlinGradlePluginConfigurationErrors SKIPPED
> Task :modules:refactorkit-core:processResources NO-SOURCE
> Task :modules:refactorkit-kotlin:checkKotlinGradlePluginConfigurationErrors SKIPPED
> Task :modules:refactorkit-kotlin:processResources NO-SOURCE
> Task :modules:refactorkit-java:checkKotlinGradlePluginConfigurationErrors SKIPPED
> Task :modules:refactorkit-java:processResources NO-SOURCE
> Task :modules:refactorkit-kotlin:processTestResources NO-SOURCE
> Task :modules:refactorkit-core:compileKotlin
> Task :modules:refactorkit-core:compileJava NO-SOURCE
> Task :modules:refactorkit-core:classes UP-TO-DATE
> Task :modules:refactorkit-core:jar
> Task :modules:refactorkit-kotlin:compileKotlin

> Task :modules:refactorkit-kotlin:compileJava
warning: [options] source value 8 is obsolete and will be removed in a future release
warning: [options] target value 8 is obsolete and will be removed in a future release
warning: [options] To suppress warnings about obsolete options, use -Xlint:-options.
Note: /tmp/refactorkit-v070-k1-k2-red-3012f9b/modules/refactorkit-kotlin/src/main/java/org/refactorkit/kotlin/bridge/KotlinCompilerSymbolExtractor.java uses or overrides a deprecated API.
Note: Recompile with -Xlint:deprecation for details.
3 warnings

> Task :modules:refactorkit-kotlin:classes
> Task :modules:refactorkit-kotlin:jar

> Task :modules:refactorkit-java:compileKotlin
w: file:///tmp/refactorkit-v070-k1-k2-red-3012f9b/modules/refactorkit-java/src/main/kotlin/org/refactorkit/java/MavenEffectiveReactorBuilder.kt:13:8 'interface ModelSource : Any, Source' is deprecated. Deprecated in Java.
w: file:///tmp/refactorkit-v070-k1-k2-red-3012f9b/modules/refactorkit-java/src/main/kotlin/org/refactorkit/java/MavenEffectiveReactorBuilder.kt:1380:86 'interface ModelSource : Any, Source' is deprecated. Deprecated in Java.
w: file:///tmp/refactorkit-v070-k1-k2-red-3012f9b/modules/refactorkit-java/src/main/kotlin/org/refactorkit/java/MavenEffectiveReactorBuilder.kt:1383:71 'interface ModelSource : Any, Source' is deprecated. Deprecated in Java.
w: file:///tmp/refactorkit-v070-k1-k2-red-3012f9b/modules/refactorkit-java/src/main/kotlin/org/refactorkit/java/MavenEffectiveReactorBuilder.kt:1386:56 'interface ModelSource : Any, Source' is deprecated. Deprecated in Java.
w: file:///tmp/refactorkit-v070-k1-k2-red-3012f9b/modules/refactorkit-java/src/main/kotlin/org/refactorkit/java/MavenEffectiveReactorBuilder.kt:1389:69 'interface ModelSource : Any, Source' is deprecated. Deprecated in Java.
w: file:///tmp/refactorkit-v070-k1-k2-red-3012f9b/modules/refactorkit-java/src/main/kotlin/org/refactorkit/java/MavenPomDependencyEditor.kt:183:52 Condition is always 'true'.

> Task :modules:refactorkit-java:compileJava NO-SOURCE
> Task :modules:refactorkit-java:classes UP-TO-DATE
> Task :modules:refactorkit-java:jar

> Task :modules:refactorkit-kotlin:compileTestKotlin FAILED
e: file:///tmp/refactorkit-v070-k1-k2-red-3012f9b/modules/refactorkit-kotlin/src/test/kotlin/org/refactorkit/kotlin/KotlinCompilerAnalysisSessionTest.kt:21:23 Unresolved reference 'KotlinCompilerAnalysisSession'.
e: file:///tmp/refactorkit-v070-k1-k2-red-3012f9b/modules/refactorkit-kotlin/src/test/kotlin/org/refactorkit/kotlin/KotlinCompilerAnalysisSessionTest.kt:21:55 Cannot infer type for this parameter. Please specify it explicitly.
e: file:///tmp/refactorkit-v070-k1-k2-red-3012f9b/modules/refactorkit-kotlin/src/test/kotlin/org/refactorkit/kotlin/KotlinCompilerAnalysisSessionTest.kt:33:9 Cannot infer type for this parameter. Please specify it explicitly.
e: file:///tmp/refactorkit-v070-k1-k2-red-3012f9b/modules/refactorkit-kotlin/src/test/kotlin/org/refactorkit/kotlin/KotlinCompilerAnalysisSessionTest.kt:33:22 Unresolved reference 'KotlinCompilerAnalysisSessionStatus'.
e: file:///tmp/refactorkit-v070-k1-k2-red-3012f9b/modules/refactorkit-kotlin/src/test/kotlin/org/refactorkit/kotlin/KotlinCompilerAnalysisSessionTest.kt:39:23 Unresolved reference 'KotlinCompilerAnalysisSession'.
e: file:///tmp/refactorkit-v070-k1-k2-red-3012f9b/modules/refactorkit-kotlin/src/test/kotlin/org/refactorkit/kotlin/KotlinCompilerAnalysisSessionTest.kt:39:71 Cannot infer type for this parameter. Please specify it explicitly.
e: file:///tmp/refactorkit-v070-k1-k2-red-3012f9b/modules/refactorkit-kotlin/src/test/kotlin/org/refactorkit/kotlin/KotlinCompilerAnalysisSessionTest.kt:63:23 Unresolved reference 'KotlinCompilerAnalysisSession'.
e: file:///tmp/refactorkit-v070-k1-k2-red-3012f9b/modules/refactorkit-kotlin/src/test/kotlin/org/refactorkit/kotlin/KotlinCompilerDiagnosticsTest.kt:625:45 Unresolved reference 'jvmName'.

[Incubating] Problems report is available at: file:///tmp/refactorkit-v070-k1-k2-red-3012f9b/build/reports/problems/problems-report.html

FAILURE: Build failed with an exception.

* What went wrong:
Execution failed for task ':modules:refactorkit-kotlin:compileTestKotlin' (registered by plugin 'org.jetbrains.kotlin.jvm').
> A failure occurred while executing org.jetbrains.kotlin.compilerRunner.GradleCompilerRunnerWithWorkers$GradleKotlinCompilerWorkAction
   > Compilation error. See log for more details

* Try:
> Run with --stacktrace option to get the stack trace.
> Run with --info or --debug option to get more log output.
> Run with --scan to get full insights from a Build Scan (powered by Develocity).
> Get more help at https://help.gradle.org.

Deprecated Gradle features were used in this build, making it incompatible with Gradle 10.

You can use '--warning-mode all' to show the individual deprecation warnings and determine if they come from your own scripts or plugins.

For more on this, please refer to https://docs.gradle.org/9.6.1/userguide/command_line_interface.html#sec:command_line_warnings in the Gradle documentation.

BUILD FAILED in 22s
8 actionable tasks: 8 executed
