To honour the JVM settings for this build a single-use Daemon process will be forked. For more on this, please refer to https://docs.gradle.org/9.6.1/userguide/gradle_daemon.html#sec:disabling_the_daemon in the Gradle documentation.
Daemon will be stopped at the end of the build 
> Task :modules:refactorkit-core:checkKotlinGradlePluginConfigurationErrors SKIPPED
> Task :modules:refactorkit-core:processResources NO-SOURCE
> Task :modules:refactorkit-java:checkKotlinGradlePluginConfigurationErrors SKIPPED
> Task :modules:refactorkit-java:processResources NO-SOURCE
> Task :modules:refactorkit-jvm:checkKotlinGradlePluginConfigurationErrors SKIPPED
> Task :modules:refactorkit-kotlin:checkKotlinGradlePluginConfigurationErrors SKIPPED
> Task :modules:refactorkit-kotlin:processResources NO-SOURCE
> Task :modules:refactorkit-jvm:processResources NO-SOURCE
> Task :modules:refactorkit-testkit:checkKotlinGradlePluginConfigurationErrors SKIPPED
> Task :modules:refactorkit-web-importer:checkKotlinGradlePluginConfigurationErrors SKIPPED
> Task :modules:refactorkit-web-importer:processResources NO-SOURCE
> Task :modules:refactorkit-testkit:processResources NO-SOURCE
> Task :modules:refactorkit-jvm:processTestResources

> Task :modules:refactorkit-core:compileKotlin
e: The daemon has terminated unexpectedly on startup attempt #1 with error code: 0. The daemon process output:
    1. Kotlin compile daemon is ready

> Task :modules:refactorkit-core:compileJava NO-SOURCE
> Task :modules:refactorkit-core:classes UP-TO-DATE
> Task :modules:refactorkit-core:jar
> Task :modules:refactorkit-kotlin:compileKotlin

> Task :modules:refactorkit-kotlin:compileJava
warning: [options] source value 8 is obsolete and will be removed in a future release
warning: [options] target value 8 is obsolete and will be removed in a future release
warning: [options] To suppress warnings about obsolete options, use -Xlint:-options.
Note: /tmp/refactorkit-k5-callable-reference-red-872f1f4/modules/refactorkit-kotlin/src/main/java/org/refactorkit/kotlin/bridge/KotlinCompilerSymbolExtractor.java uses or overrides a deprecated API.
Note: Recompile with -Xlint:deprecation for details.
3 warnings

> Task :modules:refactorkit-kotlin:classes
> Task :modules:refactorkit-kotlin:jar

> Task :modules:refactorkit-java:compileKotlin
w: file:///tmp/refactorkit-k5-callable-reference-red-872f1f4/modules/refactorkit-java/src/main/kotlin/org/refactorkit/java/MavenEffectiveReactorBuilder.kt:13:8 'interface ModelSource : Any, Source' is deprecated. Deprecated in Java.
w: file:///tmp/refactorkit-k5-callable-reference-red-872f1f4/modules/refactorkit-java/src/main/kotlin/org/refactorkit/java/MavenEffectiveReactorBuilder.kt:1380:86 'interface ModelSource : Any, Source' is deprecated. Deprecated in Java.
w: file:///tmp/refactorkit-k5-callable-reference-red-872f1f4/modules/refactorkit-java/src/main/kotlin/org/refactorkit/java/MavenEffectiveReactorBuilder.kt:1383:71 'interface ModelSource : Any, Source' is deprecated. Deprecated in Java.
w: file:///tmp/refactorkit-k5-callable-reference-red-872f1f4/modules/refactorkit-java/src/main/kotlin/org/refactorkit/java/MavenEffectiveReactorBuilder.kt:1386:56 'interface ModelSource : Any, Source' is deprecated. Deprecated in Java.
w: file:///tmp/refactorkit-k5-callable-reference-red-872f1f4/modules/refactorkit-java/src/main/kotlin/org/refactorkit/java/MavenEffectiveReactorBuilder.kt:1389:69 'interface ModelSource : Any, Source' is deprecated. Deprecated in Java.
w: file:///tmp/refactorkit-k5-callable-reference-red-872f1f4/modules/refactorkit-java/src/main/kotlin/org/refactorkit/java/MavenPomDependencyEditor.kt:183:52 Condition is always 'true'.

> Task :modules:refactorkit-java:compileJava NO-SOURCE
> Task :modules:refactorkit-java:classes UP-TO-DATE
> Task :modules:refactorkit-java:jar
> Task :modules:refactorkit-web-importer:compileKotlin
> Task :modules:refactorkit-web-importer:compileJava NO-SOURCE
> Task :modules:refactorkit-web-importer:classes UP-TO-DATE
> Task :modules:refactorkit-web-importer:jar
> Task :modules:refactorkit-testkit:compileKotlin
> Task :modules:refactorkit-testkit:compileJava NO-SOURCE
> Task :modules:refactorkit-testkit:classes UP-TO-DATE
> Task :modules:refactorkit-testkit:jar
> Task :modules:refactorkit-jvm:compileKotlin
> Task :modules:refactorkit-jvm:compileJava NO-SOURCE
> Task :modules:refactorkit-jvm:classes UP-TO-DATE
> Task :modules:refactorkit-jvm:jar

> Task :modules:refactorkit-jvm:compileTestKotlin FAILED
e: file:///tmp/refactorkit-k5-callable-reference-red-872f1f4/modules/refactorkit-jvm/src/test/kotlin/org/refactorkit/jvm/KotlinJavaPublicTypeRenamePlannerTest.kt:522:63 Unresolved reference 'containsCallableReference'.

[Incubating] Problems report is available at: file:///tmp/refactorkit-k5-callable-reference-red-872f1f4/build/reports/problems/problems-report.html

FAILURE: Build failed with an exception.

* What went wrong:
Execution failed for task ':modules:refactorkit-jvm:compileTestKotlin' (registered by plugin 'org.jetbrains.kotlin.jvm').
> A failure occurred while executing org.jetbrains.kotlin.compilerRunner.GradleCompilerRunnerWithWorkers$GradleKotlinCompilerWorkAction
   > Compilation error. See log for more details

* Try:
> Run with --stacktrace option to get the stack trace.
> Run with --info or --debug option to get more log output.
> Run with --scan to get full insights from a Build Scan (powered by Develocity).
> Get more help at https://help.gradle.org.

Deprecated Gradle features were used in this build, making it incompatible with Gradle 10.

You can use '--warning-mode all' to show the individual deprecation warnings and determine if they come from your own scripts or plugins.

For more on this, please refer to https://docs.gradle.org/9.6.1/userguide/command_line_interface.html#sec:command_line_warnings in the Gradle documentation.

BUILD FAILED in 22s
15 actionable tasks: 15 executed
